// Jest Snapshot v1, https://goo.gl/fbAQLP

exports[`ConfigEditor 1`] = `
<div
  className="gf-form-group"
>
  <div
    className="gf-form"
  >
    <div
      className="form-field"
    >
      <label
        className="gf-form-label width-6"
      >
        Host
      </label>
      <input
        className="gf-form-input width-20"
        onChange={[Function]}
        placeholder="Quasardb REST API URL"
        type="text"
        value="https://127.0.0.1:443"
      />
    </div>
  </div>
  <div
    className="gf-form"
  >
    <div
      className="form-field"
    >
      <label
        className="gf-form-label width-6"
      >
        Username
      </label>
      <input
        className="gf-form-input width-20"
        onChange={[Function]}
        placeholder="User"
        type="password"
        value="test-user"
      />
    </div>
  </div>
  <div
    className="gf-form-inline"
  >
    <div
      className="gf-form"
    >
      <div
        className="form-field"
      >
        <label
          className="gf-form-label width-6"
        >
          User Key
        </label>
        <input
          className="gf-form-input width-20"
          onChange={[Function]}
          placeholder="User Key"
          type="password"
          value="SIqZ+vg4eZGeuhzCyT90OtwweivdtOieodaaTV/Xtd6k="
        />
      </div>
    </div>
  </div>
</div>
`;
