// Jest Snapshot v1, https://goo.gl/fbAQLP

exports[`QueryEditor 1`] = `
<div
  className="gf-form"
>
  <textarea
    className="css-1f38lle"
    label="Query"
    onChange={[Function]}
    value="SELECT * FROM ts;"
  />
  <button
    className="css-a5ta8x-button"
    onClick={[MockFunction]}
  >
    <span
      className="css-1mhnkuh"
    >
      Run Query
    </span>
  </button>
</div>
`;
